[web.archive.org/web/20070202023211/http_/www.sealindo.com/default.html]
[archive.org/includes/analytics2a5b.js]
[web.archive.org/_static/js/playback.bundle2a46.js]
[web.archive.org/_static/js/wombat1b09.js]
[web.archive.org/_static/css/banner-styles7a0e.css]
[backblue.gif]
[fade.gif]
[index.html]
[web.archive.org/_static/css/iconochive8307.css]
[web.archive.org/web/20070202174035im_/http_/www.sealindo.com/sealonline.gif]
[web.archive.org/web/20060515054621cs_/http_/www.sealindo.com/css/home.css]
[web.archive.org/_static/images/toolbar/wayback-toolbar-logo-200.png]
[web.archive.org/_static/images/toolbar/wm_tb_prv_on.png]
[web.archive.org/_static/images/toolbar/wm_tb_nxt_on.png]
[web.archive.org/_static/images/loading.gif]
[web.archive.org/web/20110814171227im_/http_/www.sealindo.com/images/layout/notice_ticker.gif]
[web.archive.org/web/20180302135546im_/http_/www.sealindo.com/images/depan/bnr_valentine-animasi.html]
[web.archive.org/web/20180420190935im_/http_/www.sealindo.com/images/depan/bnr_arudan-animasi.html]
[web.archive.org/web/20180304125327im_/http_/www.sealindo.com/images/depan/bnr_asa2-animasi.html]
[web.archive.org/web/20180420190935im_/http_/www.sealindo.com/images/depan/bnr_claire-animasi.html]
[web.archive.org/web/20180304125327im_/http_/www.sealindo.com/images/depan/bnr_kostum-animasi.html]
[web.archive.org/web/20070202023211/http_/www.sealindo.com/berita/info8c3c.asp]
[web.archive.org/web/20070202023211/http_/www.sealindo.com/berita/infoad4a.asp]
[web.archive.org/web/20070202023211/http_/www.sealindo.com/berita/info4cf1.asp]
[web.archive.org/web/20070202023211/http_/www.sealindo.com/berita/info7251.asp]
[web.archive.org/web/20070202023211/http_/www.sealindo.com/berita/infoed21.asp]
[web.archive.org/web/20070118125229im_/http_/www.sealindo.com/images/itemmall/pic/word_of_blessing_g.jpg]
[web.archive.org/web/20070302081325im_/http_/www.sealindo.com/images/itemmall/pic/bruce_lee.jpg]
[web.archive.org/web/20200505065105im_/http_/www.sealindo.com/images/depan/liputanevent/lgf.html]
[web.archive.org/web/20070202023211/http_/www.sealindo.com/default.html]
[analytics.archive.org/0.gif]
[archive.org/includes/analytics2a5b.js]
[web.archive.org/_static/css/banner-styles7a0e.css]
[web.archive.org/_static/css/iconochive8307.css]
[web.archive.org/web/20070202023211/http_/www.sealindo.com/rss/index.html]
[web.archive.org/_static/css/record.css]
[web.archive.org/web/20070322100059cs_/http_/www.sealindo.com/css/initial.css]
[web.archive.org/web/20070322095552cs_/http_/www.sealindo.com/css/global.css]
[web.archive.org/web/20070223070413cs_/http_/www.sealindo.com/css/menu.css]
[web.archive.org/web/20070202174602cs_/http_/www.sealindo.com/css/screen.css]
[web.archive.org/web/20070223070415cs_/http_/www.sealindo.com/css/roundcorners.css]
[web.archive.org/web/20070322100350im_/http_/www.sealindo.com/images/ras/bg_bigbang_carnivalcity.jpg]
[web.archive.org/web/20070703053235im_/http_/www.sealindo.com/images/admin/bg.gif]
[web.archive.org/web/20070703054018im_/http_/www.sealindo.com/images/leftbanner/cd_lok.gif]
[web.archive.org/web/20070703054036im_/http_/www.sealindo.com/images/leftbanner/fansite.gif]
[web.archive.org/web/20070703054059im_/http_/www.sealindo.com/images/leftbanner/pacaran.gif]
[web.archive.org/web/20070727003344im_/http_/www.sealindo.com/images/leftbanner/refine.gif]
[web.archive.org/web/20070703054029im_/http_/www.sealindo.com/images/leftbanner/pet.gif]
[web.archive.org/web/20070703054033im_/http_/www.sealindo.com/images/leftbanner/emoticon.gif]
[web.archive.org/web/20070727003351im_/http_/www.sealindo.com/images/leftbanner/flash.gif]
[web.archive.org/web/20070322101702im_/http_/www.sealindo.com/images/layout/bg_head.gif]
[web.archive.org/web/20070727003346im_/http_/www.sealindo.com/images/leftbanner/shotline.gif]
[web.archive.org/web/20120719074849im_/http_/www.sealindo.com/images/leftbanner/support.gif]
[web.archive.org/web/20160813134455im_/http_/www.sealindo.com/images/leftbanner/marketing.gif]
[web.archive.org/web/20070703053250im_/http_/www.sealindo.com/images/newsbox/h_whatsnew.gif]
[web.archive.org/web/20070727003435im_/http_/www.sealindo.com/images/newsbox/h_berita.gif]
[web.archive.org/web/20070727003425im_/http_/www.sealindo.com/images/newsbox/h_acara.gif]
[web.archive.org/web/20070727003427im_/http_/www.sealindo.com/images/newsbox/h_info.gif]
[web.archive.org/web/20070727003422im_/http_/www.sealindo.com/images/newsbox/h_gameup.gif]
[web.archive.org/web/20070727002953im_/http_/www.sealindo.com/images/newsbox/bar_bg.gif]
[web.archive.org/web/20070703054104im_/http_/www.sealindo.com/images/newsbox/bar_whatsnew.gif]
[web.archive.org/web/20070703053357im_/http_/www.sealindo.com/images/newsbox/bar_more.gif]
[web.archive.org/web/20070703053344im_/http_/www.sealindo.com/images/newsbox/bar_berita.gif]
[web.archive.org/web/20070703054111im_/http_/www.sealindo.com/images/newsbox/bar_acara.gif]
[web.archive.org/web/20070703053348im_/http_/www.sealindo.com/images/newsbox/bar_info.gif]
[web.archive.org/web/20070703053357im_/http_/www.sealindo.com/images/newsbox/bar_gameup.gif]
[web.archive.org/web/20060513135937im_/http_/www.sealindo.com/images/newsbox/c_new.gif]
[web.archive.org/web/20060514142246im_/http_/www.sealindo.com/images/newsbox/c_berita.gif]
[web.archive.org/web/20060515052530im_/http_/www.sealindo.com/images/newsbox/c_acara.gif]
[web.archive.org/web/20060514111538im_/http_/www.sealindo.com/images/newsbox/c_info.gif]
[web.archive.org/web/20060516054127im_/http_/www.sealindo.com/images/newsbox/c_gameup.gif]
[web.archive.org/web/20070703053400im_/http_/www.sealindo.com/images/profesi/h_beginner.gif]
[web.archive.org/web/20060515054621im_/http_/www.sealindo.com/images/profesi/h_mage.gif]
[web.archive.org/web/20060515054621im_/http_/www.sealindo.com/images/profesi/h_knight.gif]
[web.archive.org/web/20060515054621im_/http_/www.sealindo.com/images/profesi/h_warrior.gif]
[web.archive.org/web/20060515054621im_/http_/www.sealindo.com/images/profesi/h_priest.gif]
[web.archive.org/web/20060515054621im_/http_/www.sealindo.com/images/profesi/h_clown.gif]
[web.archive.org/web/20060515054621im_/http_/www.sealindo.com/images/profesi/h_craftsman.gif]
[web.archive.org/web/20070703053404im_/http_/www.sealindo.com/images/profesi/h_profesi.gif]
[web.archive.org/web/20060515054621im_/http_/www.sealindo.com/images/profesi/bar_beginner.gif]
[web.archive.org/web/20070703053453im_/http_/www.sealindo.com/images/profesi/bar_beginner_hover.gif]
[web.archive.org/web/20120719074742im_/http_/www.sealindo.com/images/profesi/bar_mage.gif]
[web.archive.org/web/20161103180510im_/http_/www.sealindo.com/images/profesi/bar_mage_hover.gif]
[web.archive.org/web/20070703053405im_/http_/www.sealindo.com/images/profesi/bar_knight.gif]
[web.archive.org/web/20060515054621im_/http_/www.sealindo.com/images/profesi/bar_knight_hover.gif]
[web.archive.org/web/20070703053404im_/http_/www.sealindo.com/images/profesi/bar_warrior.gif]
[web.archive.org/web/20060515054621im_/http_/www.sealindo.com/images/profesi/bar_warrior_hover.gif]
[web.archive.org/web/20120719074738im_/http_/www.sealindo.com/images/profesi/bar_priest.gif]
[web.archive.org/web/20060515054621im_/http_/www.sealindo.com/images/profesi/bar_priest_hover.gif]
[web.archive.org/web/20120719074743im_/http_/www.sealindo.com/images/profesi/bar_clown.gif]
[web.archive.org/web/20060515054621im_/http_/www.sealindo.com/images/profesi/bar_clown_hover.gif]
[web.archive.org/web/20070703053433im_/http_/www.sealindo.com/images/profesi/bar_craftsman.gif]
[web.archive.org/web/20060515054621im_/http_/www.sealindo.com/images/profesi/bar_craftsman_hover.gif]
[web.archive.org/web/20070703054158im_/http_/www.sealindo.com/images/gallery/seal_online_gallery.gif]
[web.archive.org/web/20070322101711im_/http_/www.sealindo.com/images/layout/more.gif]
[web.archive.org/web/20070703053439im_/http_/www.sealindo.com/images/gallery/movie.jpg]
[web.archive.org/web/20070703054254im_/http_/www.sealindo.com/images/gallery/komik.jpg]
[web.archive.org/web/20070727005510im_/http_/www.sealindo.com/images/gallery/screenshot.jpg]
[web.archive.org/web/20070727005530im_/http_/www.sealindo.com/images/gallery/wallpaper.jpg]
[web.archive.org/web/20070727005640im_/http_/www.sealindo.com/images/gallery/fanart.jpg]
[web.archive.org/web/20070703054235im_/http_/www.sealindo.com/images/gallery/f_movie.gif]
[web.archive.org/web/20070703054240im_/http_/www.sealindo.com/images/gallery/f_komik.gif]
[web.archive.org/web/20070727005828im_/http_/www.sealindo.com/images/gallery/f_screenshot.gif]
[web.archive.org/web/20070727005847im_/http_/www.sealindo.com/images/gallery/f_wallpaper.gif]
[web.archive.org/web/20070727005830im_/http_/www.sealindo.com/images/gallery/f_fanart.gif]
[web.archive.org/web/20060515054621cs_/http_/www.sealindo.com/css/home.css]
[web.archive.org/web/20070202174340js_/http_/www.sealindo.com/js/style.js]
[web.archive.org/web/20070202023211/http_/www.sealindo.com/index.html]
[web.archive.org/web/20070202023211/http_/www.sealindo.com/dunia/update/index.html]
[web.archive.org/web/20070202023211/http_/www.sealindo.com/komunitas/komik/index.html]
[web.archive.org/web/20070202023211/http_/www.sealindo.com/komunitas/pameran/mkg3/index.html]
[web.archive.org/web/20070202023211/http_/www.sealindo.com/komunitas/granking/index.html]
[web.archive.org/web/20070202023211/http_/www.sealindo.com/itemmall/index.html]
[web.archive.org/web/20070202023211/http_/www.sealindo.com/layanan/index.html]
[web.archive.org/web/20070202023211/http_/www.sealindo.com/layanan/pengaduan/index.html]
[web.archive.org/web/20070202023211/http_/www.sealindo.com/pembayaran/index.html]
[web.archive.org/web/20070202023211/http_/www.sealindo.com/member/index.html]
[web.archive.org/web/20070202023211/http_/www.sealindo.com/panduan/bermain/index.html]
[web.archive.org/web/20070703053645js_/http_/www.sealindo.com/js/webticker.js]
[web.archive.org/web/20070202023211/http_/www.sealindo.com/berita/valentine2007/index.html]
[web.archive.org/web/20180302135546im_/http_/www.sealindo.com/images/depan/bnr_valentine-animasi.html]
[web.archive.org/web/20180420190935im_/http_/www.sealindo.com/images/depan/bnr_arudan-animasi.html]
[web.archive.org/web/20070202023211/http_/www.sealindo.com/berita/asah2/index.html]
[web.archive.org/web/20180304125327im_/http_/www.sealindo.com/images/depan/bnr_asa2-animasi.html]
[web.archive.org/web/20180420190935im_/http_/www.sealindo.com/images/depan/bnr_claire-animasi.html]
[web.archive.org/web/20180304125327im_/http_/www.sealindo.com/images/depan/bnr_kostum-animasi.html]
[web.archive.org/web/20070202023211/http_/www.sealindo.com/berita/arudan/pengumuman/index.html]
[web.archive.org/web/20070202023211/http_/www.sealindo.com/berita/info8c3c.html]
[web.archive.org/web/20070202023211/http_/www.sealindo.com/berita/arudan/index.html]
[web.archive.org/web/20070202023211/http_/www.sealindo.com/berita/tb2007/index.html]
[web.archive.org/web/20070202023211/http_/www.sealindo.com/berita/natal2006/index.html]
[web.archive.org/web/20070202023211/http_/www.sealindo.com/berita/lombakostumseal/index.html]
[web.archive.org/web/20070202023211/http_/www.sealindo.com/berita/infoad4a.html]
[web.archive.org/web/20070202023211/http_/www.sealindo.com/berita/info4cf1.html]
[web.archive.org/web/20070202023211/http_/www.sealindo.com/berita/info7251.html]
[web.archive.org/web/20070202023211/http_/www.sealindo.com/berita/infoed21.html]
[web.archive.org/web/20070202023211/http_/www.sealindo.com/berita/lytofest-new/liputan/index.html]
[web.archive.org/web/2/http_/html5.js]
[web.archive.org/web/20200505065105im_/http_/www.sealindo.com/images/depan/liputanevent/lgf.html]
[web.archive.org/web/20070202023211/http_/www.sealindo.com/download/index.html]
[web.archive.org/web/20070202023211/http_/www.sealindo.com/panduan/profesi/index.html]
[web.archive.org/web/20070202023211/http_/www.sealindo.com/panduan/guildwars/index.html]
[web.archive.org/_static/css/record.css]
[web.archive.org/web/20070322100059cs_/http_/www.sealindo.com/css/initial.css]
[web.archive.org/web/20070322101525im_/http_/www.sealindo.com/images/layout/comhead.gif]
[web.archive.org/web/20070322101459im_/http_/www.sealindo.com/images/layout/path_lc.gif]
[web.archive.org/web/20070322101456im_/http_/www.sealindo.com/images/layout/path_rc.gif]
[web.archive.org/web/20070322101506im_/http_/www.sealindo.com/images/layout/icon_home.gif]
[web.archive.org/web/20070322095839im_/http_/www.sealindo.com/images/layout/bg.jpg]
[web.archive.org/web/20070322101036im_/http_/www.sealindo.com/images/ras/bg2.jpg]
[web.archive.org/web/20070727003659im_/http_/www.sealindo.com/images/admin/bg2.gif]
[web.archive.org/web/20070322101357im_/http_/www.sealindo.com/images/admin/daftar_baru_gratis.gif]
[web.archive.org/web/20070322101344im_/http_/www.sealindo.com/images/admin/login.gif]
[web.archive.org/web/20160813134505im_/http_/www.sealindo.com/images/admin/login_hover.gif]
[web.archive.org/web/20070322101426im_/http_/www.sealindo.com/images/admin/ubah_password.gif]
[web.archive.org/web/20120719080948im_/http_/www.sealindo.com/images/admin/ubah_password_hover.gif]
[web.archive.org/web/20070727003254im_/http_/www.sealindo.com/images/admin/lupa_password.gif]
[web.archive.org/web/20120719080943im_/http_/www.sealindo.com/images/admin/lupa_password_hover.gif]
[web.archive.org/web/20070322101441im_/http_/www.sealindo.com/images/admin/persetujuan_pemain.gif]
[web.archive.org/web/20160813134504im_/http_/www.sealindo.com/images/admin/persetujuan_pemain_hover.gif]
[web.archive.org/web/20070322101443im_/http_/www.sealindo.com/images/admin/aturan_main.gif]
[web.archive.org/web/20120719080948im_/http_/www.sealindo.com/images/admin/aturan_main_hover.gif]
[web.archive.org/web/20070727003312im_/http_/www.sealindo.com/images/admin/download.gif]
[web.archive.org/web/20070727003256im_/http_/www.sealindo.com/images/admin/panduan_instal.gif]
[web.archive.org/web/20160813134500im_/http_/www.sealindo.com/images/admin/panduan_instal_hover.gif]
[web.archive.org/web/20070727003344im_/http_/www.sealindo.com/images/admin/patch_download.gif]
[web.archive.org/web/20161103180628im_/http_/www.sealindo.com/images/admin/patch_download_hover.gif]
[web.archive.org/web/20070727003805im_/http_/www.sealindo.com/images/menusc/fitur_seal_online.gif]
[web.archive.org/web/20070322101635im_/http_/www.sealindo.com/images/menusc/monster_seal_online.gif]
[web.archive.org/web/20120719074751im_/http_/www.sealindo.com/images/menusc/dunia_seal_online.gif]
[web.archive.org/web/20120719074745im_/http_/www.sealindo.com/images/menusc/mini_flash_game.gif]
[web.archive.org/web/20070322101630im_/http_/www.sealindo.com/images/menusc/profesi.gif]
[web.archive.org/web/20070727003916im_/http_/www.sealindo.com/images/menusc/guild_guide.gif]
[web.archive.org/web/20070727003830im_/http_/www.sealindo.com/images/menusc/guild_rank.gif]
[web.archive.org/web/20070322101705im_/http_/www.sealindo.com/images/layanan/lowongan_pekerjaan.gif]
[web.archive.org/web/20070322101712im_/http_/www.sealindo.com/images/layanan/bg_p.gif]
[web.archive.org/web/20070322101714im_/http_/www.sealindo.com/images/lytogames/lyto_games.gif]
[web.archive.org/web/20070322101724im_/http_/www.sealindo.com/images/lytogames/lyto.gif]
[web.archive.org/web/20070322101735im_/http_/www.sealindo.com/images/lytogames/seal.gif]
[web.archive.org/web/20070322101732im_/http_/www.sealindo.com/images/lytogames/ragnarok.gif]
[web.archive.org/web/20070322101759im_/http_/www.sealindo.com/images/lytogames/getamped.gif]
[web.archive.org/web/20070727003925im_/http_/www.sealindo.com/images/lytogames/rfonline.gif]
[web.archive.org/web/20070727003651im_/http_/www.sealindo.com/images/footer/h_lyto.gif]
[web.archive.org/web/20070727003137im_/http_/www.sealindo.com/images/footer/h_grigon.gif]
[web.archive.org/web/20120719074756im_/http_/www.sealindo.com/images/footer/h_sunnyynk.gif]
[web.archive.org/web/20070727003220im_/http_/www.sealindo.com/images/footer/h_ynk.gif]
[web.archive.org/web/20070727003652im_/http_/www.sealindo.com/images/footer/lc.gif]
[web.archive.org/web/20070727003654im_/http_/www.sealindo.com/images/footer/rc.gif]
[web.archive.org/web/20070727003943im_/http_/www.sealindo.com/images/footer/h_home.gif]
[web.archive.org/web/20070322095552im_/http_/www.sealindo.com/images/footer/h_home_hover.gif]
[web.archive.org/web/20070727003933im_/http_/www.sealindo.com/images/footer/h_pengenalan_seal.gif]
[web.archive.org/web/20180131035352im_/http_/www.sealindo.com/images/footer/h_pengenalan_seal_hover.html]
[web.archive.org/web/20070727003408im_/http_/www.sealindo.com/images/footer/h_persetujuan_user.gif]
[web.archive.org/web/20180131035352im_/http_/www.sealindo.com/images/footer/h_persetujuan_user_hover.html]
[web.archive.org/web/20070727003413im_/http_/www.sealindo.com/images/footer/h_aturan_main.gif]
[web.archive.org/web/20180131035352im_/http_/www.sealindo.com/images/footer/h_aturan_main_hover.html]
[web.archive.org/web/20120719074805im_/http_/www.sealindo.com/images/footer/h_tj.gif]
[web.archive.org/web/20070322095552im_/http_/www.sealindo.com/images/footer/h_tj_hover.gif]
[web.archive.org/web/20070727003419im_/http_/www.sealindo.com/images/footer/h_kontak_kami.gif]
[web.archive.org/web/20180131035352im_/http_/www.sealindo.com/images/footer/h_kontak_kami_hover.html]
[web.archive.org/web/20070727003417im_/http_/www.sealindo.com/images/footer/copyright.gif]
[web.archive.org/web/20070727003409im_/http_/www.sealindo.com/images/footer/f_indonesia.gif]
[web.archive.org/web/20070727003419im_/http_/www.sealindo.com/images/footer/f_korea.gif]
[web.archive.org/web/20070727003418im_/http_/www.sealindo.com/images/footer/f_japan.gif]
[web.archive.org/web/20070727003418im_/http_/www.sealindo.com/images/footer/f_china.gif]
[web.archive.org/web/20070727003419im_/http_/www.sealindo.com/images/footer/f_taiwan.gif]
[web.archive.org/web/20070727003422im_/http_/www.sealindo.com/images/footer/f_thailand.gif]
[web.archive.org/web/20161103180502im_/http_/www.sealindo.com/images/footer/f_usa.gif]
[web.archive.org/web/20070322095552cs_/http_/www.sealindo.com/css/global.css]
[web.archive.org/web/20070703053644im_/http_/www.sealindo.com/images/menu/ul_lr.gif]
[web.archive.org/web/20070322100757im_/http_/www.sealindo.com/images/menu/ul_bg.jpg]
[web.archive.org/web/20070727003248im_/http_/www.sealindo.com/images/menu/ul_rr.gif]
[web.archive.org/web/20070322101121im_/http_/www.sealindo.com/images/menu/bubble_top.gif]
[web.archive.org/web/20070322101118im_/http_/www.sealindo.com/images/menu/bubble_content.gif]
[web.archive.org/web/20070322101125im_/http_/www.sealindo.com/images/menu/bubble_bottom.gif]
[web.archive.org/web/20070703054015im_/http_/www.sealindo.com/images/menu/ul_li_ul_li.gif]
[web.archive.org/web/20070703054104im_/http_/www.sealindo.com/images/menu/separator.gif]
[web.archive.org/web/20070322100814im_/http_/www.sealindo.com/images/menu/m_home.gif]
[web.archive.org/web/20070703053836im_/http_/www.sealindo.com/images/menu/m_home_hover.gif]
[web.archive.org/web/20070322100828im_/http_/www.sealindo.com/images/menu/m_dunia.gif]
[web.archive.org/web/20180131032011im_/http_/www.sealindo.com/images/menu/m_dunia_hover.gif]
[web.archive.org/web/20070322100843im_/http_/www.sealindo.com/images/menu/m_panduan.gif]
[web.archive.org/web/20110814171459im_/http_/www.sealindo.com/images/menu/m_panduan_hover.gif]
[web.archive.org/web/20070322100844im_/http_/www.sealindo.com/images/menu/m_member.gif]
[web.archive.org/web/20070727003437im_/http_/www.sealindo.com/images/menu/m_member_hover.gif]
[web.archive.org/web/20070322100853im_/http_/www.sealindo.com/images/menu/m_komunitas.gif]
[web.archive.org/web/20070727003455im_/http_/www.sealindo.com/images/menu/m_komunitas_hover.gif]
[web.archive.org/web/20070322100906im_/http_/www.sealindo.com/images/menu/m_download.gif]
[web.archive.org/web/20070727003438im_/http_/www.sealindo.com/images/menu/m_download_hover.gif]
[web.archive.org/web/20070703054011im_/http_/www.sealindo.com/images/menu/m_layanan.gif]
[web.archive.org/web/20070727003437im_/http_/www.sealindo.com/images/menu/m_layanan_hover.gif]
[web.archive.org/web/20070727003451im_/http_/www.sealindo.com/images/menu/m_pembayaran.gif]
[web.archive.org/web/20070727003436im_/http_/www.sealindo.com/images/menu/m_pembayaran_hover.gif]
[web.archive.org/web/20070727003649im_/http_/www.sealindo.com/images/menu/m_itemmall.gif]
[web.archive.org/web/20180131032714im_/http_/www.sealindo.com/images/menu/m_itemmall_hover.gif]
[web.archive.org/web/20070223070413cs_/http_/www.sealindo.com/css/menu.css]
[web.archive.org/web/20200505161434im_/http_/www.sealindo.com/images/box/top1.html]
[web.archive.org/web/20200505161436im_/http_/www.sealindo.com/images/box/bottom1.html]
[web.archive.org/web/20070223070415im_/http_/www.sealindo.com/images/box/top2.gif]
[web.archive.org/web/20070223070415im_/http_/www.sealindo.com/images/box/bottom2.gif]
[web.archive.org/web/20070223070415im_/http_/www.sealindo.com/images/box/top3.gif]
[web.archive.org/web/20070223070415im_/http_/www.sealindo.com/images/box/bottom3.gif]
[web.archive.org/web/20180812011401im_/http_/www.sealindo.com/images/box/top4.html]
[web.archive.org/web/20180812011401im_/http_/www.sealindo.com/images/box/bottom4.html]
[web.archive.org/web/20070223070415im_/http_/www.sealindo.com/images/box/top5.gif]
[web.archive.org/web/20070223070415im_/http_/www.sealindo.com/images/box/bottom5.gif]
[web.archive.org/web/20070223070415im_/http_/www.sealindo.com/images/box/top6.gif]
[web.archive.org/web/20070223070415im_/http_/www.sealindo.com/images/box/bottom6.gif]
[web.archive.org/web/20070223070415im_/http_/www.sealindo.com/images/box/top7.gif]
[web.archive.org/web/20070223070415im_/http_/www.sealindo.com/images/box/bottom7.gif]
[web.archive.org/web/20070223070415im_/http_/www.sealindo.com/images/box/top8.gif]
[web.archive.org/web/20070223070415im_/http_/www.sealindo.com/images/box/bottom8.gif]
[web.archive.org/web/20070223070415im_/http_/www.sealindo.com/images/box/top9.gif]
[web.archive.org/web/20070223070415im_/http_/www.sealindo.com/images/box/bottom9.gif]
[web.archive.org/web/20070322101946im_/http_/www.sealindo.com/images/roundcorners/alt.gif]
[web.archive.org/web/20070322101948im_/http_/www.sealindo.com/images/roundcorners/act.gif]
[web.archive.org/web/20070322102012im_/http_/www.sealindo.com/images/roundcorners/art.gif]
[web.archive.org/web/20070322101453im_/http_/www.sealindo.com/images/roundcorners/acc.gif]
[web.archive.org/web/20070703054354im_/http_/www.sealindo.com/images/roundcorners/alb.gif]
[web.archive.org/web/20070727003914im_/http_/www.sealindo.com/images/roundcorners/acb.gif]
[web.archive.org/web/20070322101940im_/http_/www.sealindo.com/images/roundcorners/arb.gif]
[web.archive.org/web/20070322101445im_/http_/www.sealindo.com/images/roundcorners/blt.gif]
[web.archive.org/web/20070322101447im_/http_/www.sealindo.com/images/roundcorners/bct.gif]
[web.archive.org/web/20070322101450im_/http_/www.sealindo.com/images/roundcorners/brt.gif]
[web.archive.org/web/20070223070415im_/http_/www.sealindo.com/images/roundcorners/blb.gif]
[web.archive.org/web/20070223070415im_/http_/www.sealindo.com/images/roundcorners/brb.gif]
[web.archive.org/web/20070322101453im_/http_/www.sealindo.com/images/roundcorners/bcc.gif]
[web.archive.org/web/20070322101615im_/http_/www.sealindo.com/images/roundcorners/clt.gif]
[web.archive.org/web/20070322101614im_/http_/www.sealindo.com/images/roundcorners/crt.gif]
[web.archive.org/web/20070322101644im_/http_/www.sealindo.com/images/roundcorners/clb.gif]
[web.archive.org/web/20070322101650im_/http_/www.sealindo.com/images/roundcorners/crb.gif]
[web.archive.org/web/20070223070415im_/http_/www.sealindo.com/images/roundcorners/dlt.gif]
[web.archive.org/web/20070223070415im_/http_/www.sealindo.com/images/roundcorners/drt.gif]
[web.archive.org/web/20070223070415im_/http_/www.sealindo.com/images/roundcorners/dlb.gif]
[web.archive.org/web/20070223070415im_/http_/www.sealindo.com/images/roundcorners/drb.gif]
[web.archive.org/web/20070223070415im_/http_/www.sealindo.com/images/roundcorners/elt.gif]
[web.archive.org/web/20070223070415im_/http_/www.sealindo.com/images/roundcorners/ert.gif]
[web.archive.org/web/20070223070415im_/http_/www.sealindo.com/images/roundcorners/elb.gif]
[web.archive.org/web/20070223070415im_/http_/www.sealindo.com/images/roundcorners/erb.gif]
[web.archive.org/web/20070223070415cs_/http_/www.sealindo.com/css/roundcorners.css]
[web.archive.org/web/20060515054621im_/http_/www.sealindo.com/images/profesi/h_mage.html]
[web.archive.org/web/20060515054621im_/http_/www.sealindo.com/images/profesi/h_knight.html]
[web.archive.org/web/20060515054621im_/http_/www.sealindo.com/images/profesi/h_warrior.html]
[web.archive.org/web/20060515054621im_/http_/www.sealindo.com/images/profesi/h_priest.html]
[web.archive.org/web/20060515054621im_/http_/www.sealindo.com/images/profesi/h_clown.html]
[web.archive.org/web/20060515054621im_/http_/www.sealindo.com/images/profesi/h_craftsman.html]
[web.archive.org/web/20060515054621im_/http_/www.sealindo.com/images/profesi/bar_beginner.html]
[web.archive.org/web/20060515054621im_/http_/www.sealindo.com/images/profesi/bar_knight_hover.html]
[web.archive.org/web/20060515054621im_/http_/www.sealindo.com/images/profesi/bar_warrior_hover.html]
[web.archive.org/web/20060515054621im_/http_/www.sealindo.com/images/profesi/bar_priest_hover.html]
[web.archive.org/web/20060515054621im_/http_/www.sealindo.com/images/profesi/bar_clown_hover.html]
[web.archive.org/web/20060515054621im_/http_/www.sealindo.com/images/profesi/bar_craftsman_hover.html]
[web.archive.org/web/2/http_/html5.html]
[web.archive.org/web/20070322095552im_/http_/www.sealindo.com/images/footer/h_home_hover.html]
[web.archive.org/web/20180131035352im_/http_/www.sealindo.com/images/footer/h_pengenalan_seal_hover.html]
[web.archive.org/web/20180131035352im_/http_/www.sealindo.com/images/footer/h_persetujuan_user_hover.html]
[web.archive.org/web/20180131035352im_/http_/www.sealindo.com/images/footer/h_aturan_main_hover.html]
[web.archive.org/web/20070322095552im_/http_/www.sealindo.com/images/footer/h_tj_hover.html]
[web.archive.org/web/20180131035352im_/http_/www.sealindo.com/images/footer/h_kontak_kami_hover.html]
[web.archive.org/web/20180131032011im_/http_/www.sealindo.com/images/menu/m_dunia_hover.html]
[web.archive.org/web/20180131032714im_/http_/www.sealindo.com/images/menu/m_itemmall_hover.html]
[web.archive.org/web/20200505161434im_/http_/www.sealindo.com/images/box/top1.html]
[web.archive.org/web/20200505161436im_/http_/www.sealindo.com/images/box/bottom1.html]
[web.archive.org/web/20070223070415im_/http_/www.sealindo.com/images/box/top2.html]
[web.archive.org/web/20070223070415im_/http_/www.sealindo.com/images/box/bottom2.html]
[web.archive.org/web/20070223070415im_/http_/www.sealindo.com/images/box/top3.html]
[web.archive.org/web/20070223070415im_/http_/www.sealindo.com/images/box/bottom3.html]
[web.archive.org/web/20180812011401im_/http_/www.sealindo.com/images/box/top4.html]
[web.archive.org/web/20180812011401im_/http_/www.sealindo.com/images/box/bottom4.html]
[web.archive.org/web/20070223070415im_/http_/www.sealindo.com/images/box/top5.html]
[web.archive.org/web/20070223070415im_/http_/www.sealindo.com/images/box/bottom5.html]
[web.archive.org/web/20070223070415im_/http_/www.sealindo.com/images/box/top6.html]
[web.archive.org/web/20070223070415im_/http_/www.sealindo.com/images/box/bottom6.html]
[web.archive.org/web/20070223070415im_/http_/www.sealindo.com/images/box/top7.html]
[web.archive.org/web/20070223070415im_/http_/www.sealindo.com/images/box/bottom7.html]
[web.archive.org/web/20070223070415im_/http_/www.sealindo.com/images/box/top8.html]
[web.archive.org/web/20070223070415im_/http_/www.sealindo.com/images/box/bottom8.html]
[web.archive.org/web/20070223070415im_/http_/www.sealindo.com/images/box/top9.html]
[web.archive.org/web/20070223070415im_/http_/www.sealindo.com/images/box/bottom9.html]
[web.archive.org/web/20070223070415im_/http_/www.sealindo.com/images/roundcorners/blb.html]
[web.archive.org/web/20070223070415im_/http_/www.sealindo.com/images/roundcorners/brb.html]
[web.archive.org/web/20070223070415im_/http_/www.sealindo.com/images/roundcorners/dlt.html]
[web.archive.org/web/20070223070415im_/http_/www.sealindo.com/images/roundcorners/drt.html]
[web.archive.org/web/20070223070415im_/http_/www.sealindo.com/images/roundcorners/dlb.html]
[web.archive.org/web/20070223070415im_/http_/www.sealindo.com/images/roundcorners/drb.html]
[web.archive.org/web/20070223070415im_/http_/www.sealindo.com/images/roundcorners/elt.html]
[web.archive.org/web/20070223070415im_/http_/www.sealindo.com/images/roundcorners/ert.html]
[web.archive.org/web/20070223070415im_/http_/www.sealindo.com/images/roundcorners/elb.html]
[web.archive.org/web/20070223070415im_/http_/www.sealindo.com/images/roundcorners/erb.html]
